[0.979s] Invoking command in '/home/yq/nav24r/build/nav24r': DEBUGINFOD_URLS=https://debuginfod.ubuntu.com PYTHONPATH=/home/yq/nav24r/build/nav24r/prefix_override:/usr/lib/python3/dist-packages/colcon_core/task/python/colcon_distutils_commands:/home/yq/nav24r/install/nav24r/lib/python3.12/site-packages:${PYTHONPATH} /usr/bin/python3 -W ignore:setup.py install is deprecated -W ignore:easy_install command is deprecated setup.py develop --editable --build-directory /home/yq/nav24r/build/nav24r/build --no-deps symlink_data
[1.312s] running develop
[1.502s] running egg_info
[1.502s] creating nav24r.egg-info
[1.520s] writing nav24r.egg-info/PKG-INFO
[1.520s] writing dependency_links to nav24r.egg-info/dependency_links.txt
[1.520s] writing requirements to nav24r.egg-info/requires.txt
[1.521s] writing top-level names to nav24r.egg-info/top_level.txt
[1.521s] writing manifest file 'nav24r.egg-info/SOURCES.txt'
[1.539s] reading manifest file 'nav24r.egg-info/SOURCES.txt'
[1.540s] writing manifest file 'nav24r.egg-info/SOURCES.txt'
[1.559s] running build_ext
[1.578s] Creating /home/yq/nav24r/install/nav24r/lib/python3.12/site-packages/nav24r.egg-link (link to .)
[1.579s] 
[1.579s] Installed /home/yq/nav24r/build/nav24r
[1.579s] running symlink_data
[1.579s] creating /home/yq/nav24r/install/nav24r/share/ament_index
[1.580s] creating /home/yq/nav24r/install/nav24r/share/ament_index/resource_index
[1.580s] creating /home/yq/nav24r/install/nav24r/share/ament_index/resource_index/packages
[1.580s] symbolically linking /home/yq/nav24r/build/nav24r/resource/nav24r -> /home/yq/nav24r/install/nav24r/share/ament_index/resource_index/packages
[1.580s] symbolically linking /home/yq/nav24r/build/nav24r/package.xml -> /home/yq/nav24r/install/nav24r/share/nav24r
[1.580s] creating /home/yq/nav24r/install/nav24r/share/nav24r/launch
[1.580s] symbolically linking /home/yq/nav24r/build/nav24r/launch/factor_perception_isolated.launch.py -> /home/yq/nav24r/install/nav24r/share/nav24r/launch
[1.580s] symbolically linking /home/yq/nav24r/build/nav24r/launch/nav2.launch.py -> /home/yq/nav24r/install/nav24r/share/nav24r/launch
[1.580s] symbolically linking /home/yq/nav24r/build/nav24r/launch/nav24r_full.launch.py -> /home/yq/nav24r/install/nav24r/share/nav24r/launch
[1.580s] symbolically linking /home/yq/nav24r/build/nav24r/factor_perception_auto.launch.py -> /home/yq/nav24r/install/nav24r/share/nav24r/launch
[1.580s] creating /home/yq/nav24r/install/nav24r/share/nav24r/config
[1.580s] symbolically linking /home/yq/nav24r/build/nav24r/config/octomap.rviz -> /home/yq/nav24r/install/nav24r/share/nav24r/config
[1.580s] symbolically linking /home/yq/nav24r/build/nav24r/config/mapping_3d.rviz -> /home/yq/nav24r/install/nav24r/share/nav24r/config
[1.580s] symbolically linking /home/yq/nav24r/build/nav24r/config/rtabmap_custom.ini -> /home/yq/nav24r/install/nav24r/share/nav24r/config
[1.580s] symbolically linking /home/yq/nav24r/build/nav24r/config/octomap_3d.rviz -> /home/yq/nav24r/install/nav24r/share/nav24r/config
[1.581s] symbolically linking /home/yq/nav24r/build/nav24r/config/nav2_params.yaml -> /home/yq/nav24r/install/nav24r/share/nav24r/config
[1.581s] symbolically linking /home/yq/nav24r/build/nav24r/config/cyclonedds.xml -> /home/yq/nav24r/install/nav24r/share/nav24r/config
[1.581s] symbolically linking /home/yq/nav24r/build/nav24r/config/factor_perception_config.yaml -> /home/yq/nav24r/install/nav24r/share/nav24r/config
[1.581s] symbolically linking /home/yq/nav24r/build/nav24r/config/map_viewer_3d.rviz -> /home/yq/nav24r/install/nav24r/share/nav24r/config
[1.581s] symbolically linking /home/yq/nav24r/build/nav24r/config/mapping.rviz -> /home/yq/nav24r/install/nav24r/share/nav24r/config
[1.581s] symbolically linking /home/yq/nav24r/build/nav24r/config/rtabmap_config_doc.md -> /home/yq/nav24r/install/nav24r/share/nav24r/config
[1.581s] symbolically linking /home/yq/nav24r/build/nav24r/config/navigation.rviz -> /home/yq/nav24r/install/nav24r/share/nav24r/config
[1.581s] symbolically linking /home/yq/nav24r/build/nav24r/config/rtabmap_3d.ini -> /home/yq/nav24r/install/nav24r/share/nav24r/config
[1.581s] symbolically linking /home/yq/nav24r/build/nav24r/config/maps_config.json -> /home/yq/nav24r/install/nav24r/share/nav24r/config
[1.581s] symbolically linking /home/yq/nav24r/build/nav24r/config/rtabmap_light.rviz -> /home/yq/nav24r/install/nav24r/share/nav24r/config
[1.614s] Invoked command in '/home/yq/nav24r/build/nav24r' returned '0': DEBUGINFOD_URLS=https://debuginfod.ubuntu.com PYTHONPATH=/home/yq/nav24r/build/nav24r/prefix_override:/usr/lib/python3/dist-packages/colcon_core/task/python/colcon_distutils_commands:/home/yq/nav24r/install/nav24r/lib/python3.12/site-packages:${PYTHONPATH} /usr/bin/python3 -W ignore:setup.py install is deprecated -W ignore:easy_install command is deprecated setup.py develop --editable --build-directory /home/yq/nav24r/build/nav24r/build --no-deps symlink_data
